15:10:20 INFO    fpl_expert.backtest.season_sim | GW15: playing triple_captain (best available (9.1 vs 8.2 remaining))
15:10:20 INFO    fpl_expert.backtest.season_sim | GW18: playing bench_boost (expiring in 1 gw, best remaining 3.8)
15:10:23 INFO    fpl_expert.backtest.season_sim | GW33: playing bench_boost (best available (14.2 vs 13.9 remaining))
15:10:23 INFO    fpl_expert.backtest.season_sim | GW34: playing triple_captain (best available (12.9 vs 11.9 remaining))
15:10:23 INFO    fpl_expert.backtest.ensemble | horizon path 0: 2349
15:10:27 INFO    fpl_expert.backtest.season_sim | GW15: playing triple_captain (best available (9.1 vs 8.2 remaining))
15:10:27 INFO    fpl_expert.backtest.season_sim | GW18: playing bench_boost (expiring in 1 gw, best remaining 3.8)
15:10:30 INFO    fpl_expert.backtest.season_sim | GW33: playing bench_boost (best available (14.2 vs 13.9 remaining))
15:10:30 INFO    fpl_expert.backtest.season_sim | GW34: playing triple_captain (best available (12.9 vs 11.9 remaining))
15:10:31 INFO    fpl_expert.backtest.ensemble | horizon path 1: 2349
15:10:34 INFO    fpl_expert.backtest.season_sim | GW15: playing triple_captain (best available (9.1 vs 8.2 remaining))
15:10:35 INFO    fpl_expert.backtest.season_sim | GW18: playing bench_boost (expiring in 1 gw, best remaining 3.8)
15:10:37 INFO    fpl_expert.backtest.season_sim | GW33: playing bench_boost (best available (13.5 vs 13.5 remaining))
15:10:37 INFO    fpl_expert.backtest.season_sim | GW34: playing triple_captain (best available (12.9 vs 11.9 remaining))
15:10:38 INFO    fpl_expert.backtest.ensemble | horizon path 2: 2362
15:10:41 INFO    fpl_expert.backtest.season_sim | GW15: playing triple_captain (best available (9.1 vs 8.2 remaining))
15:10:42 INFO    fpl_expert.backtest.season_sim | GW18: playing bench_boost (expiring in 1 gw, best remaining 3.8)
15:10:44 INFO    fpl_expert.backtest.season_sim | GW33: playing bench_boost (best available (14.2 vs 13.9 remaining))
15:10:45 INFO    fpl_expert.backtest.season_sim | GW34: playing triple_captain (best available (12.9 vs 11.9 remaining))
15:10:45 INFO    fpl_expert.backtest.ensemble | horizon path 3: 2349
15:10:49 INFO    fpl_expert.backtest.season_sim | GW15: playing triple_captain (best available (9.1 vs 8.2 remaining))
15:10:49 INFO    fpl_expert.backtest.season_sim | GW18: playing bench_boost (expiring in 1 gw, best remaining 3.8)
15:10:52 INFO    fpl_expert.backtest.season_sim | GW33: playing bench_boost (best available (14.2 vs 13.9 remaining))
15:10:52 INFO    fpl_expert.backtest.season_sim | GW34: playing triple_captain (best available (12.9 vs 11.9 remaining))
15:10:52 INFO    fpl_expert.backtest.ensemble | horizon path 4: 2349
15:10:56 INFO    fpl_expert.backtest.season_sim | GW15: playing triple_captain (best available (9.1 vs 8.2 remaining))
15:10:56 INFO    fpl_expert.backtest.season_sim | GW18: playing bench_boost (expiring in 1 gw, best remaining 3.8)
15:10:59 INFO    fpl_expert.backtest.season_sim | GW33: playing bench_boost (best available (14.2 vs 13.9 remaining))
15:10:59 INFO    fpl_expert.backtest.season_sim | GW34: playing triple_captain (best available (12.9 vs 11.9 remaining))
15:11:00 INFO    fpl_expert.backtest.ensemble | horizon path 5: 2349
15:11:03 INFO    fpl_expert.backtest.season_sim | GW15: playing triple_captain (best available (9.1 vs 8.2 remaining))
15:11:04 INFO    fpl_expert.backtest.season_sim | GW18: playing bench_boost (expiring in 1 gw, best remaining 3.8)
15:11:06 INFO    fpl_expert.backtest.season_sim | GW33: playing bench_boost (best available (13.5 vs 13.4 remaining))
15:11:06 INFO    fpl_expert.backtest.season_sim | GW34: playing triple_captain (best available (12.9 vs 11.9 remaining))
15:11:07 INFO    fpl_expert.backtest.ensemble | horizon path 6: 2362
15:11:10 INFO    fpl_expert.backtest.season_sim | GW15: playing triple_captain (best available (9.1 vs 8.2 remaining))
15:11:11 INFO    fpl_expert.backtest.season_sim | GW18: playing bench_boost (expiring in 1 gw, best remaining 3.8)
15:11:13 INFO    fpl_expert.backtest.season_sim | GW33: playing bench_boost (best available (14.2 vs 13.9 remaining))
15:11:14 INFO    fpl_expert.backtest.season_sim | GW34: playing triple_captain (best available (12.9 vs 11.9 remaining))
15:11:14 INFO    fpl_expert.backtest.ensemble | horizon path 7: 2349
15:11:18 INFO    fpl_expert.backtest.season_sim | GW15: playing triple_captain (best available (9.1 vs 8.2 remaining))
15:11:18 INFO    fpl_expert.backtest.season_sim | GW18: playing bench_boost (expiring in 1 gw, best remaining 3.8)
15:11:21 INFO    fpl_expert.backtest.season_sim | GW33: playing bench_boost (best available (14.2 vs 13.9 remaining))
15:11:21 INFO    fpl_expert.backtest.season_sim | GW34: playing triple_captain (best available (12.9 vs 11.9 remaining))
15:11:21 INFO    fpl_expert.backtest.ensemble | horizon path 8: 2349
15:11:25 INFO    fpl_expert.backtest.season_sim | GW15: playing triple_captain (best available (9.1 vs 8.2 remaining))
15:11:25 INFO    fpl_expert.backtest.season_sim | GW18: playing bench_boost (expiring in 1 gw, best remaining 3.8)
15:11:28 INFO    fpl_expert.backtest.season_sim | GW33: playing bench_boost (best available (14.2 vs 13.9 remaining))
15:11:28 INFO    fpl_expert.backtest.season_sim | GW34: playing triple_captain (best available (12.9 vs 11.9 remaining))
15:11:29 INFO    fpl_expert.backtest.ensemble | horizon path 9: 2345
  2023-24 horizon            mean    2351  sd   5.8
15:11:36 INFO    fpl_expert.backtest.season_sim | GW15: playing triple_captain (best available (9.1 vs 8.2 remaining))
15:11:37 INFO    fpl_expert.backtest.season_sim | GW18: playing bench_boost (expiring in 1 gw, best remaining 1.5)
15:11:41 INFO    fpl_expert.backtest.season_sim | GW32: playing bench_boost (best available (11.8 vs 11.4 remaining))
15:11:42 INFO    fpl_expert.backtest.season_sim | GW34: playing triple_captain (best available (12.9 vs 11.9 remaining))
15:11:42 INFO    fpl_expert.backtest.ensemble | joint_greedy path 0: 2198
15:11:50 INFO    fpl_expert.backtest.season_sim | GW15: playing triple_captain (best available (9.1 vs 8.2 remaining))
15:11:51 INFO    fpl_expert.backtest.season_sim | GW18: playing bench_boost (expiring in 1 gw, best remaining 1.5)
15:11:58 INFO    fpl_expert.backtest.season_sim | GW34: playing triple_captain (best available (12.9 vs 11.9 remaining))
15:11:59 INFO    fpl_expert.backtest.season_sim | GW37: playing bench_boost (expiring in 1 gw, best remaining 8.6)
15:11:59 INFO    fpl_expert.backtest.ensemble | joint_greedy path 1: 2247
15:12:06 INFO    fpl_expert.backtest.season_sim | GW15: playing triple_captain (best available (9.1 vs 8.2 remaining))
15:12:07 INFO    fpl_expert.backtest.season_sim | GW18: playing bench_boost (expiring in 1 gw, best remaining 1.5)
15:12:12 INFO    fpl_expert.backtest.season_sim | GW32: playing bench_boost (best available (11.8 vs 11.4 remaining))
15:12:12 INFO    fpl_expert.backtest.season_sim | GW34: playing triple_captain (best available (12.9 vs 11.9 remaining))
15:12:13 INFO    fpl_expert.backtest.ensemble | joint_greedy path 2: 2198
15:12:20 INFO    fpl_expert.backtest.season_sim | GW15: playing triple_captain (best available (9.1 vs 8.2 remaining))
15:12:21 INFO    fpl_expert.backtest.season_sim | GW18: playing bench_boost (expiring in 1 gw, best remaining 1.5)
15:12:26 INFO    fpl_expert.backtest.season_sim | GW32: playing bench_boost (best available (11.8 vs 11.4 remaining))
15:12:26 INFO    fpl_expert.backtest.season_sim | GW34: playing triple_captain (best available (12.9 vs 11.9 remaining))
15:12:27 INFO    fpl_expert.backtest.ensemble | joint_greedy path 3: 2198
15:12:34 INFO    fpl_expert.backtest.season_sim | GW15: playing triple_captain (best available (9.1 vs 8.2 remaining))
15:12:36 INFO    fpl_expert.backtest.season_sim | GW18: playing bench_boost (expiring in 1 gw, best remaining 1.5)
15:12:42 INFO    fpl_expert.backtest.season_sim | GW34: playing triple_captain (best available (12.9 vs 11.9 remaining))
15:12:43 INFO    fpl_expert.backtest.season_sim | GW37: playing bench_boost (expiring in 1 gw, best remaining 8.6)
15:12:43 INFO    fpl_expert.backtest.ensemble | joint_greedy path 4: 2245
15:12:50 INFO    fpl_expert.backtest.season_sim | GW15: playing triple_captain (best available (9.1 vs 8.2 remaining))
15:12:51 INFO    fpl_expert.backtest.season_sim | GW18: playing bench_boost (expiring in 1 gw, best remaining 1.5)
15:12:56 INFO    fpl_expert.backtest.season_sim | GW32: playing bench_boost (best available (11.8 vs 11.4 remaining))
15:12:57 INFO    fpl_expert.backtest.season_sim | GW34: playing triple_captain (best available (12.9 vs 11.9 remaining))
15:12:57 INFO    fpl_expert.backtest.ensemble | joint_greedy path 5: 2198
15:13:04 INFO    fpl_expert.backtest.season_sim | GW15: playing triple_captain (best available (9.1 vs 8.2 remaining))
15:13:06 INFO    fpl_expert.backtest.season_sim | GW18: playing bench_boost (expiring in 1 gw, best remaining 1.5)
15:13:13 INFO    fpl_expert.backtest.season_sim | GW34: playing triple_captain (best available (12.9 vs 11.9 remaining))
15:13:14 INFO    fpl_expert.backtest.season_sim | GW37: playing bench_boost (expiring in 1 gw, best remaining 8.6)
15:13:14 INFO    fpl_expert.backtest.ensemble | joint_greedy path 6: 2245
15:13:21 INFO    fpl_expert.backtest.season_sim | GW15: playing triple_captain (best available (9.1 vs 8.2 remaining))
15:13:22 INFO    fpl_expert.backtest.season_sim | GW18: playing bench_boost (expiring in 1 gw, best remaining 1.5)
15:13:30 INFO    fpl_expert.backtest.season_sim | GW34: playing triple_captain (best available (12.9 vs 11.9 remaining))
15:13:30 INFO    fpl_expert.backtest.season_sim | GW37: playing bench_boost (expiring in 1 gw, best remaining 8.6)
15:13:30 INFO    fpl_expert.backtest.ensemble | joint_greedy path 7: 2245
15:13:37 INFO    fpl_expert.backtest.season_sim | GW15: playing triple_captain (best available (9.1 vs 8.2 remaining))
15:13:39 INFO    fpl_expert.backtest.season_sim | GW18: playing bench_boost (expiring in 1 gw, best remaining 1.5)
15:13:46 INFO    fpl_expert.backtest.season_sim | GW34: playing triple_captain (best available (12.9 vs 11.9 remaining))
15:13:46 INFO    fpl_expert.backtest.season_sim | GW37: playing bench_boost (expiring in 1 gw, best remaining 8.6)
15:13:46 INFO    fpl_expert.backtest.ensemble | joint_greedy path 8: 2247
15:13:53 INFO    fpl_expert.backtest.season_sim | GW15: playing triple_captain (best available (9.1 vs 8.2 remaining))
15:13:55 INFO    fpl_expert.backtest.season_sim | GW18: playing bench_boost (expiring in 1 gw, best remaining 1.5)
15:13:59 INFO    fpl_expert.backtest.season_sim | GW32: playing bench_boost (best available (11.8 vs 11.4 remaining))
15:14:00 INFO    fpl_expert.backtest.season_sim | GW34: playing triple_captain (best available (12.9 vs 11.9 remaining))
15:14:00 INFO    fpl_expert.backtest.ensemble | joint_greedy path 9: 2198
  2023-24 joint_greedy       mean    2222  sd  25.2
15:14:04 INFO    fpl_expert.backtest.season_sim | GW14: playing bench_boost (best available (11.4 vs 9.9 remaining))
15:14:05 INFO    fpl_expert.backtest.season_sim | GW18: playing triple_captain (expiring in 1 gw, best remaining 8.1)
15:14:07 INFO    fpl_expert.backtest.season_sim | GW32: playing triple_captain (best available (10.0 vs 10.0 remaining))
15:14:07 INFO    fpl_expert.backtest.season_sim | GW33: playing bench_boost (best available (13.5 vs 12.1 remaining))
15:14:08 INFO    fpl_expert.backtest.ensemble | horizon path 0: 2128
15:14:11 INFO    fpl_expert.backtest.season_sim | GW14: playing bench_boost (best available (11.4 vs 9.9 remaining))
15:14:12 INFO    fpl_expert.backtest.season_sim | GW18: playing triple_captain (expiring in 1 gw, best remaining 8.1)
15:14:14 INFO    fpl_expert.backtest.season_sim | GW32: playing triple_captain (best available (10.0 vs 9.9 remaining))
15:14:14 INFO    fpl_expert.backtest.season_sim | GW33: playing bench_boost (best available (13.5 vs 12.1 remaining))
15:14:15 INFO    fpl_expert.backtest.ensemble | horizon path 1: 2128
15:14:19 INFO    fpl_expert.backtest.season_sim | GW14: playing bench_boost (best available (11.4 vs 9.9 remaining))
15:14:19 INFO    fpl_expert.backtest.season_sim | GW18: playing triple_captain (expiring in 1 gw, best remaining 8.1)
15:14:22 INFO    fpl_expert.backtest.season_sim | GW32: playing triple_captain (best available (10.0 vs 10.0 remaining))
15:14:22 INFO    fpl_expert.backtest.season_sim | GW33: playing bench_boost (best available (13.5 vs 12.1 remaining))
15:14:22 INFO    fpl_expert.backtest.ensemble | horizon path 2: 2128
15:14:26 INFO    fpl_expert.backtest.season_sim | GW14: playing bench_boost (best available (11.4 vs 9.9 remaining))
15:14:26 INFO    fpl_expert.backtest.season_sim | GW18: playing triple_captain (expiring in 1 gw, best remaining 8.1)
15:14:29 INFO    fpl_expert.backtest.season_sim | GW32: playing bench_boost (best available (11.3 vs 10.5 remaining))
15:14:29 INFO    fpl_expert.backtest.season_sim | GW33: playing triple_captain (best available (9.5 vs 9.2 remaining))
15:14:29 INFO    fpl_expert.backtest.ensemble | horizon path 3: 2103
15:14:33 INFO    fpl_expert.backtest.season_sim | GW14: playing bench_boost (best available (12.9 vs 12.0 remaining))
15:14:33 INFO    fpl_expert.backtest.season_sim | GW18: playing triple_captain (expiring in 1 gw, best remaining 8.1)
15:14:36 INFO    fpl_expert.backtest.season_sim | GW32: playing triple_captain (best available (10.0 vs 10.0 remaining))
15:14:36 INFO    fpl_expert.backtest.season_sim | GW38: playing bench_boost (final chance before expiry)
15:14:36 INFO    fpl_expert.backtest.ensemble | horizon path 4: 2212
15:14:40 INFO    fpl_expert.backtest.season_sim | GW14: playing bench_boost (best available (11.4 vs 9.9 remaining))
15:14:40 INFO    fpl_expert.backtest.season_sim | GW18: playing triple_captain (expiring in 1 gw, best remaining 8.2)
15:14:43 INFO    fpl_expert.backtest.season_sim | GW32: playing triple_captain (best available (10.0 vs 10.0 remaining))
15:14:43 INFO    fpl_expert.backtest.season_sim | GW33: playing bench_boost (best available (13.5 vs 12.1 remaining))
15:14:43 INFO    fpl_expert.backtest.ensemble | horizon path 5: 2128
15:14:47 INFO    fpl_expert.backtest.season_sim | GW14: playing bench_boost (best available (11.4 vs 9.9 remaining))
15:14:47 INFO    fpl_expert.backtest.season_sim | GW18: playing triple_captain (expiring in 1 gw, best remaining 8.2)
15:14:50 INFO    fpl_expert.backtest.season_sim | GW32: playing triple_captain (best available (10.0 vs 10.0 remaining))
15:14:50 INFO    fpl_expert.backtest.season_sim | GW33: playing bench_boost (best available (13.5 vs 12.1 remaining))
15:14:51 INFO    fpl_expert.backtest.ensemble | horizon path 6: 2128
15:14:54 INFO    fpl_expert.backtest.season_sim | GW14: playing bench_boost (best available (12.1 vs 11.3 remaining))
15:14:55 INFO    fpl_expert.backtest.season_sim | GW18: playing triple_captain (expiring in 1 gw, best remaining 8.2)
15:14:57 INFO    fpl_expert.backtest.season_sim | GW32: playing triple_captain (best available (10.0 vs 10.0 remaining))
15:14:58 INFO    fpl_expert.backtest.season_sim | GW38: playing bench_boost (final chance before expiry)
15:14:58 INFO    fpl_expert.backtest.ensemble | horizon path 7: 2193
15:15:01 INFO    fpl_expert.backtest.season_sim | GW14: playing bench_boost (best available (12.9 vs 12.0 remaining))
15:15:02 INFO    fpl_expert.backtest.season_sim | GW18: playing triple_captain (expiring in 1 gw, best remaining 8.1)
15:15:04 INFO    fpl_expert.backtest.season_sim | GW32: playing triple_captain (best available (10.0 vs 10.0 remaining))
15:15:05 INFO    fpl_expert.backtest.season_sim | GW38: playing bench_boost (final chance before expiry)
15:15:05 INFO    fpl_expert.backtest.ensemble | horizon path 8: 2212
15:15:08 INFO    fpl_expert.backtest.season_sim | GW14: playing bench_boost (best available (11.4 vs 10.0 remaining))
15:15:09 INFO    fpl_expert.backtest.season_sim | GW18: playing triple_captain (expiring in 1 gw, best remaining 8.2)
15:15:11 INFO    fpl_expert.backtest.season_sim | GW32: playing triple_captain (best available (10.0 vs 10.0 remaining))
15:15:11 INFO    fpl_expert.backtest.season_sim | GW33: playing bench_boost (best available (13.5 vs 12.1 remaining))
15:15:12 INFO    fpl_expert.backtest.ensemble | horizon path 9: 2128
  2024-25 horizon            mean    2149  sd  40.3
15:15:22 INFO    fpl_expert.backtest.season_sim | GW18: playing triple_captain (expiring in 1 gw, best remaining 8.1)
15:15:22 INFO    fpl_expert.backtest.season_sim | GW19: playing bench_boost (final chance before expiry)
15:15:27 INFO    fpl_expert.backtest.season_sim | GW32: playing triple_captain (best available (10.0 vs 10.0 remaining))
15:15:28 INFO    fpl_expert.backtest.season_sim | GW38: playing bench_boost (final chance before expiry)
15:15:28 INFO    fpl_expert.backtest.ensemble | joint_greedy path 0: 2193
15:15:38 INFO    fpl_expert.backtest.season_sim | GW18: playing triple_captain (expiring in 1 gw, best remaining 8.1)
15:15:38 INFO    fpl_expert.backtest.season_sim | GW19: playing bench_boost (final chance before expiry)
15:15:43 INFO    fpl_expert.backtest.season_sim | GW32: playing triple_captain (best available (10.0 vs 9.9 remaining))
15:15:44 INFO    fpl_expert.backtest.season_sim | GW35: playing bench_boost (expiring in 3 gw, best remaining 8.6)
15:15:44 INFO    fpl_expert.backtest.ensemble | joint_greedy path 1: 2155
15:15:53 INFO    fpl_expert.backtest.season_sim | GW18: playing triple_captain (expiring in 1 gw, best remaining 8.1)
15:15:54 INFO    fpl_expert.backtest.season_sim | GW19: playing bench_boost (final chance before expiry)
15:15:59 INFO    fpl_expert.backtest.season_sim | GW32: playing triple_captain (best available (10.0 vs 10.0 remaining))
15:16:00 INFO    fpl_expert.backtest.season_sim | GW38: playing bench_boost (final chance before expiry)
15:16:00 INFO    fpl_expert.backtest.ensemble | joint_greedy path 2: 2193
15:16:10 INFO    fpl_expert.backtest.season_sim | GW18: playing triple_captain (expiring in 1 gw, best remaining 8.1)
15:16:10 INFO    fpl_expert.backtest.season_sim | GW19: playing bench_boost (final chance before expiry)
15:16:16 INFO    fpl_expert.backtest.season_sim | GW32: playing triple_captain (best available (10.0 vs 10.0 remaining))
15:16:17 INFO    fpl_expert.backtest.season_sim | GW36: playing bench_boost (expiring in 2 gw, best remaining 8.2)
15:16:17 INFO    fpl_expert.backtest.ensemble | joint_greedy path 3: 2063
15:16:26 INFO    fpl_expert.backtest.season_sim | GW16: playing bench_boost (expiring in 3 gw, best remaining 4.7)
15:16:27 INFO    fpl_expert.backtest.season_sim | GW18: playing triple_captain (expiring in 1 gw, best remaining 8.1)
15:16:32 INFO    fpl_expert.backtest.season_sim | GW32: playing triple_captain (best available (10.0 vs 10.0 remaining))
15:16:32 INFO    fpl_expert.backtest.season_sim | GW33: playing bench_boost (best available (10.4 vs 10.3 remaining))
15:16:33 INFO    fpl_expert.backtest.ensemble | joint_greedy path 4: 2241
15:16:43 INFO    fpl_expert.backtest.season_sim | GW18: playing triple_captain (expiring in 1 gw, best remaining 8.2)
15:16:43 INFO    fpl_expert.backtest.season_sim | GW19: playing bench_boost (final chance before expiry)
15:16:48 INFO    fpl_expert.backtest.season_sim | GW32: playing triple_captain (best available (10.0 vs 10.0 remaining))
15:16:49 INFO    fpl_expert.backtest.season_sim | GW38: playing bench_boost (final chance before expiry)
15:16:49 INFO    fpl_expert.backtest.ensemble | joint_greedy path 5: 2193
15:16:59 INFO    fpl_expert.backtest.season_sim | GW18: playing triple_captain (expiring in 1 gw, best remaining 8.2)
15:17:00 INFO    fpl_expert.backtest.season_sim | GW19: playing bench_boost (final chance before expiry)
15:17:05 INFO    fpl_expert.backtest.season_sim | GW32: playing triple_captain (best available (10.0 vs 10.0 remaining))
15:17:06 INFO    fpl_expert.backtest.season_sim | GW38: playing bench_boost (final chance before expiry)
15:17:06 INFO    fpl_expert.backtest.ensemble | joint_greedy path 6: 2193
15:17:16 INFO    fpl_expert.backtest.season_sim | GW18: playing triple_captain (expiring in 1 gw, best remaining 8.2)
15:17:16 INFO    fpl_expert.backtest.season_sim | GW19: playing bench_boost (final chance before expiry)
15:17:21 INFO    fpl_expert.backtest.season_sim | GW32: playing triple_captain (best available (10.0 vs 10.0 remaining))
15:17:22 INFO    fpl_expert.backtest.season_sim | GW38: playing bench_boost (final chance before expiry)
15:17:22 INFO    fpl_expert.backtest.ensemble | joint_greedy path 7: 2193
15:17:31 INFO    fpl_expert.backtest.season_sim | GW16: playing bench_boost (expiring in 3 gw, best remaining 4.7)
15:17:31 INFO    fpl_expert.backtest.season_sim | GW18: playing triple_captain (expiring in 1 gw, best remaining 8.1)
15:17:37 INFO    fpl_expert.backtest.season_sim | GW32: playing triple_captain (best available (10.0 vs 10.0 remaining))
15:17:37 INFO    fpl_expert.backtest.season_sim | GW33: playing bench_boost (best available (10.4 vs 10.3 remaining))
15:17:38 INFO    fpl_expert.backtest.ensemble | joint_greedy path 8: 2251
15:17:47 INFO    fpl_expert.backtest.season_sim | GW18: playing triple_captain (expiring in 1 gw, best remaining 8.2)
15:17:48 INFO    fpl_expert.backtest.season_sim | GW19: playing bench_boost (final chance before expiry)
15:17:52 INFO    fpl_expert.backtest.season_sim | GW32: playing triple_captain (best available (10.0 vs 10.0 remaining))
15:17:53 INFO    fpl_expert.backtest.season_sim | GW38: playing bench_boost (final chance before expiry)
15:17:53 INFO    fpl_expert.backtest.ensemble | joint_greedy path 9: 2081
  2024-25 joint_greedy       mean    2176  sd  61.0
15:17:57 INFO    fpl_expert.backtest.season_sim | GW17: playing triple_captain (expiring in 2 gw, best remaining 6.8)
15:17:58 INFO    fpl_expert.backtest.season_sim | GW18: playing bench_boost (expiring in 1 gw, best remaining 13.3)
15:18:00 INFO    fpl_expert.backtest.season_sim | GW33: playing bench_boost (best available (13.3 vs 13.0 remaining))
15:18:01 INFO    fpl_expert.backtest.season_sim | GW36: playing triple_captain (expiring in 2 gw, best remaining 6.9)
15:18:01 INFO    fpl_expert.backtest.ensemble | horizon path 0: 2060
15:18:05 INFO    fpl_expert.backtest.season_sim | GW17: playing triple_captain (expiring in 2 gw, best remaining 6.8)
15:18:05 INFO    fpl_expert.backtest.season_sim | GW18: playing bench_boost (expiring in 1 gw, best remaining 13.3)
15:18:08 INFO    fpl_expert.backtest.season_sim | GW33: playing bench_boost (best available (13.3 vs 13.0 remaining))
15:18:08 INFO    fpl_expert.backtest.season_sim | GW36: playing triple_captain (expiring in 2 gw, best remaining 6.9)
15:18:08 INFO    fpl_expert.backtest.ensemble | horizon path 1: 2060
15:18:12 INFO    fpl_expert.backtest.season_sim | GW17: playing triple_captain (expiring in 2 gw, best remaining 6.8)
15:18:12 INFO    fpl_expert.backtest.season_sim | GW18: playing bench_boost (expiring in 1 gw, best remaining 13.3)
15:18:15 INFO    fpl_expert.backtest.season_sim | GW33: playing bench_boost (best available (13.3 vs 13.0 remaining))
15:18:15 INFO    fpl_expert.backtest.season_sim | GW36: playing triple_captain (expiring in 2 gw, best remaining 6.9)
15:18:16 INFO    fpl_expert.backtest.ensemble | horizon path 2: 2060
15:18:20 INFO    fpl_expert.backtest.season_sim | GW17: playing triple_captain (expiring in 2 gw, best remaining 6.8)
15:18:20 INFO    fpl_expert.backtest.season_sim | GW18: playing bench_boost (expiring in 1 gw, best remaining 13.3)
15:18:23 INFO    fpl_expert.backtest.season_sim | GW33: playing bench_boost (best available (13.3 vs 13.0 remaining))
15:18:23 INFO    fpl_expert.backtest.season_sim | GW36: playing triple_captain (expiring in 2 gw, best remaining 6.9)
15:18:23 INFO    fpl_expert.backtest.ensemble | horizon path 3: 2058
15:18:27 INFO    fpl_expert.backtest.season_sim | GW17: playing triple_captain (expiring in 2 gw, best remaining 6.8)
15:18:27 INFO    fpl_expert.backtest.season_sim | GW18: playing bench_boost (expiring in 1 gw, best remaining 13.3)
15:18:30 INFO    fpl_expert.backtest.season_sim | GW33: playing bench_boost (best available (13.3 vs 13.0 remaining))
15:18:30 INFO    fpl_expert.backtest.season_sim | GW36: playing triple_captain (expiring in 2 gw, best remaining 6.9)
15:18:31 INFO    fpl_expert.backtest.ensemble | horizon path 4: 2060
15:18:35 INFO    fpl_expert.backtest.season_sim | GW17: playing triple_captain (expiring in 2 gw, best remaining 6.8)
15:18:35 INFO    fpl_expert.backtest.season_sim | GW19: playing bench_boost (final chance before expiry)
15:18:38 INFO    fpl_expert.backtest.season_sim | GW35: playing bench_boost (expiring in 3 gw, best remaining 13.9)
15:18:38 INFO    fpl_expert.backtest.season_sim | GW36: playing triple_captain (expiring in 2 gw, best remaining 6.9)
15:18:38 INFO    fpl_expert.backtest.ensemble | horizon path 5: 2149
15:18:42 INFO    fpl_expert.backtest.season_sim | GW17: playing triple_captain (expiring in 2 gw, best remaining 6.8)
15:18:42 INFO    fpl_expert.backtest.season_sim | GW18: playing bench_boost (expiring in 1 gw, best remaining 13.3)
15:18:45 INFO    fpl_expert.backtest.season_sim | GW33: playing bench_boost (best available (13.3 vs 13.0 remaining))
15:18:45 INFO    fpl_expert.backtest.season_sim | GW36: playing triple_captain (expiring in 2 gw, best remaining 6.9)
15:18:46 INFO    fpl_expert.backtest.ensemble | horizon path 6: 2060
15:18:50 INFO    fpl_expert.backtest.season_sim | GW17: playing triple_captain (expiring in 2 gw, best remaining 6.8)
15:18:50 INFO    fpl_expert.backtest.season_sim | GW18: playing bench_boost (expiring in 1 gw, best remaining 13.3)
15:18:52 INFO    fpl_expert.backtest.season_sim | GW33: playing bench_boost (best available (13.3 vs 13.0 remaining))
15:18:53 INFO    fpl_expert.backtest.season_sim | GW36: playing triple_captain (expiring in 2 gw, best remaining 6.9)
15:18:53 INFO    fpl_expert.backtest.ensemble | horizon path 7: 2060
15:18:57 INFO    fpl_expert.backtest.season_sim | GW17: playing triple_captain (expiring in 2 gw, best remaining 6.8)
15:18:57 INFO    fpl_expert.backtest.season_sim | GW18: playing bench_boost (expiring in 1 gw, best remaining 13.3)
15:19:00 INFO    fpl_expert.backtest.season_sim | GW33: playing bench_boost (best available (13.3 vs 13.0 remaining))
15:19:00 INFO    fpl_expert.backtest.season_sim | GW36: playing triple_captain (expiring in 2 gw, best remaining 6.9)
15:19:00 INFO    fpl_expert.backtest.ensemble | horizon path 8: 2060
15:19:04 INFO    fpl_expert.backtest.season_sim | GW17: playing triple_captain (expiring in 2 gw, best remaining 6.9)
15:19:04 INFO    fpl_expert.backtest.season_sim | GW18: playing bench_boost (expiring in 1 gw, best remaining 13.3)
15:19:07 INFO    fpl_expert.backtest.season_sim | GW33: playing bench_boost (best available (13.3 vs 13.0 remaining))
15:19:08 INFO    fpl_expert.backtest.season_sim | GW36: playing triple_captain (expiring in 2 gw, best remaining 6.9)
15:19:08 INFO    fpl_expert.backtest.ensemble | horizon path 9: 2060
  2025-26 horizon            mean    2069  sd  28.2
15:19:14 INFO    fpl_expert.backtest.season_sim | GW16: playing bench_boost (expiring in 3 gw, best remaining 7.4)
15:19:14 INFO    fpl_expert.backtest.season_sim | GW17: playing triple_captain (expiring in 2 gw, best remaining 6.8)
15:19:20 INFO    fpl_expert.backtest.season_sim | GW33: playing bench_boost (best available (12.0 vs 11.3 remaining))
15:19:20 INFO    fpl_expert.backtest.season_sim | GW36: playing triple_captain (expiring in 2 gw, best remaining 6.9)
15:19:20 INFO    fpl_expert.backtest.ensemble | joint_greedy path 0: 2223
15:19:27 INFO    fpl_expert.backtest.season_sim | GW17: playing triple_captain (expiring in 2 gw, best remaining 6.8)
15:19:27 INFO    fpl_expert.backtest.season_sim | GW18: playing bench_boost (expiring in 1 gw, best remaining 6.8)
15:19:33 INFO    fpl_expert.backtest.season_sim | GW36: playing triple_captain (expiring in 2 gw, best remaining 6.9)
15:19:34 INFO    fpl_expert.backtest.season_sim | GW37: playing bench_boost (expiring in 1 gw, best remaining 10.4)
15:19:34 INFO    fpl_expert.backtest.ensemble | joint_greedy path 1: 2142
15:19:40 INFO    fpl_expert.backtest.season_sim | GW16: playing bench_boost (expiring in 3 gw, best remaining 7.4)
15:19:40 INFO    fpl_expert.backtest.season_sim | GW17: playing triple_captain (expiring in 2 gw, best remaining 6.8)
15:19:45 INFO    fpl_expert.backtest.season_sim | GW33: playing bench_boost (best available (12.0 vs 11.3 remaining))
15:19:45 INFO    fpl_expert.backtest.season_sim | GW36: playing triple_captain (expiring in 2 gw, best remaining 6.9)
15:19:46 INFO    fpl_expert.backtest.ensemble | joint_greedy path 2: 2207
15:19:50 INFO    fpl_expert.backtest.season_sim | GW9: playing bench_boost (best available (9.0 vs 8.7 remaining))
15:19:53 INFO    fpl_expert.backtest.season_sim | GW17: playing triple_captain (expiring in 2 gw, best remaining 6.8)
15:19:58 INFO    fpl_expert.backtest.season_sim | GW35: playing bench_boost (expiring in 3 gw, best remaining 11.3)
15:19:58 INFO    fpl_expert.backtest.season_sim | GW36: playing triple_captain (expiring in 2 gw, best remaining 6.9)
15:19:58 INFO    fpl_expert.backtest.ensemble | joint_greedy path 3: 2090
15:20:04 INFO    fpl_expert.backtest.season_sim | GW16: playing bench_boost (expiring in 3 gw, best remaining 7.4)
15:20:05 INFO    fpl_expert.backtest.season_sim | GW17: playing triple_captain (expiring in 2 gw, best remaining 6.8)
15:20:09 INFO    fpl_expert.backtest.season_sim | GW33: playing bench_boost (best available (12.0 vs 11.3 remaining))
15:20:10 INFO    fpl_expert.backtest.season_sim | GW36: playing triple_captain (expiring in 2 gw, best remaining 6.9)
15:20:10 INFO    fpl_expert.backtest.ensemble | joint_greedy path 4: 2217
15:20:16 INFO    fpl_expert.backtest.season_sim | GW16: playing bench_boost (expiring in 3 gw, best remaining 7.4)
15:20:16 INFO    fpl_expert.backtest.season_sim | GW17: playing triple_captain (expiring in 2 gw, best remaining 6.8)
15:20:21 INFO    fpl_expert.backtest.season_sim | GW33: playing bench_boost (best available (12.0 vs 11.3 remaining))
15:20:22 INFO    fpl_expert.backtest.season_sim | GW36: playing triple_captain (expiring in 2 gw, best remaining 6.9)
15:20:22 INFO    fpl_expert.backtest.ensemble | joint_greedy path 5: 2213
15:20:28 INFO    fpl_expert.backtest.season_sim | GW16: playing bench_boost (expiring in 3 gw, best remaining 7.4)
15:20:28 INFO    fpl_expert.backtest.season_sim | GW17: playing triple_captain (expiring in 2 gw, best remaining 6.8)
15:20:33 INFO    fpl_expert.backtest.season_sim | GW33: playing bench_boost (best available (12.0 vs 11.3 remaining))
15:20:34 INFO    fpl_expert.backtest.season_sim | GW36: playing triple_captain (expiring in 2 gw, best remaining 6.9)
15:20:34 INFO    fpl_expert.backtest.ensemble | joint_greedy path 6: 2207
15:20:40 INFO    fpl_expert.backtest.season_sim | GW16: playing bench_boost (expiring in 3 gw, best remaining 7.4)
15:20:41 INFO    fpl_expert.backtest.season_sim | GW17: playing triple_captain (expiring in 2 gw, best remaining 6.8)
15:20:46 INFO    fpl_expert.backtest.season_sim | GW33: playing bench_boost (best available (12.0 vs 11.3 remaining))
15:20:46 INFO    fpl_expert.backtest.season_sim | GW36: playing triple_captain (expiring in 2 gw, best remaining 6.9)
15:20:46 INFO    fpl_expert.backtest.ensemble | joint_greedy path 7: 2207
15:20:52 INFO    fpl_expert.backtest.season_sim | GW16: playing bench_boost (expiring in 3 gw, best remaining 7.4)
15:20:53 INFO    fpl_expert.backtest.season_sim | GW17: playing triple_captain (expiring in 2 gw, best remaining 6.8)
15:20:58 INFO    fpl_expert.backtest.season_sim | GW33: playing bench_boost (best available (12.0 vs 11.3 remaining))
15:20:58 INFO    fpl_expert.backtest.season_sim | GW36: playing triple_captain (expiring in 2 gw, best remaining 6.9)
15:20:58 INFO    fpl_expert.backtest.ensemble | joint_greedy path 8: 2207
15:21:02 INFO    fpl_expert.backtest.season_sim | GW9: playing bench_boost (best available (9.0 vs 8.7 remaining))
15:21:05 INFO    fpl_expert.backtest.season_sim | GW17: playing triple_captain (expiring in 2 gw, best remaining 6.9)
15:21:11 INFO    fpl_expert.backtest.season_sim | GW35: playing bench_boost (expiring in 3 gw, best remaining 11.3)
15:21:11 INFO    fpl_expert.backtest.season_sim | GW36: playing triple_captain (expiring in 2 gw, best remaining 6.9)
15:21:11 INFO    fpl_expert.backtest.ensemble | joint_greedy path 9: 2084
  2025-26 joint_greedy       mean    2180  sd  53.7

per-path totals written to `ensemble_runs` (60 rows)

PAIRED against 'horizon', differenced within each shared path
     variant   mean    sd  mean_diff   se  ci_low  ci_high  wins  paths  excludes_zero  seasons_agree  adoptable  sign_2023-24  sign_2024-25  sign_2025-26
joint_greedy 2192.4  52.0        2.8 20.0   -36.3     42.0  0.57     30          False          False      False          -1.0           1.0           1.0
     horizon 2189.6 124.0        0.0  0.0     0.0      0.0  0.00     30          False          False      False           0.0           0.0           0.0

PER SEASON, paired within each shared path
 season      variant   mean   sd  mean_diff   se  ci_low  ci_high  wins  paths
2023-24      horizon 2351.2  5.8        0.0  0.0     0.0      0.0   0.0     10
2023-24 joint_greedy 2221.9 25.2     -129.3  8.1  -145.1   -113.5   0.0     10
2024-25 joint_greedy 2175.6 61.0       26.8 13.6     0.2     53.4   0.7     10
2024-25      horizon 2148.8 40.3        0.0  0.0     0.0      0.0   0.0     10
2025-26 joint_greedy 2179.7 53.7      111.0 17.3    77.1    144.9   1.0     10
2025-26      horizon 2068.7 28.2        0.0  0.0     0.0      0.0   0.0     10

`adoptable` needs BOTH: a paired interval excluding zero (the effect is real across
these seasons) AND the sign agreeing in every season (ground rule 2). Path averaging
sharpens the first; it cannot substitute for the second.
