  ridge 0.0   2022-23 early n=28   ours 1.2402  closing 1.0814
  ridge 0.0   2022-23 late  n=106  ours 1.0196  closing 0.9804
  ridge 0.0   2023-24 early n=18   ours 0.7565  closing 0.7879
  ridge 0.0   2023-24 late  n=89   ours 1.0192  closing 0.9814
  ridge 0.0   2024-25 early n=29   ours 0.8734  closing 0.8657
  ridge 0.0   2024-25 late  n=94   ours 1.0882  closing 1.0557
  ridge 0.0   2025-26 early n=19   ours 1.2430  closing 0.9253
  ridge 0.0   2025-26 late  n=81   ours 1.0689  closing 1.0771
  ridge 0.0   2026-27 early n=18   ours 0.9163  closing 0.9493
  ridge 0.5   2022-23 early n=28   ours 1.1297  closing 1.0814
  ridge 0.5   2022-23 late  n=106  ours 1.0176  closing 0.9804
  ridge 0.5   2023-24 early n=18   ours 0.7687  closing 0.7879
  ridge 0.5   2023-24 late  n=89   ours 1.0182  closing 0.9814
  ridge 0.5   2024-25 early n=29   ours 0.8792  closing 0.8657
  ridge 0.5   2024-25 late  n=94   ours 1.0871  closing 1.0557
  ridge 0.5   2025-26 early n=19   ours 1.0712  closing 0.9253
  ridge 0.5   2025-26 late  n=81   ours 1.0685  closing 1.0771
  ridge 0.5   2026-27 early n=18   ours 0.9280  closing 0.9493
  ridge 1.0   2022-23 early n=28   ours 1.1134  closing 1.0814
  ridge 1.0   2022-23 late  n=106  ours 1.0159  closing 0.9804
  ridge 1.0   2023-24 early n=18   ours 0.7776  closing 0.7879
  ridge 1.0   2023-24 late  n=89   ours 1.0174  closing 0.9814
  ridge 1.0   2024-25 early n=29   ours 0.8837  closing 0.8657
  ridge 1.0   2024-25 late  n=94   ours 1.0862  closing 1.0557
  ridge 1.0   2025-26 early n=19   ours 1.0436  closing 0.9253
  ridge 1.0   2025-26 late  n=81   ours 1.0680  closing 1.0771
  ridge 1.0   2026-27 early n=18   ours 0.9367  closing 0.9493
  ridge 2.0   2022-23 early n=28   ours 1.0989  closing 1.0814
  ridge 2.0   2022-23 late  n=106  ours 1.0132  closing 0.9804
  ridge 2.0   2023-24 early n=18   ours 0.7912  closing 0.7879
  ridge 2.0   2023-24 late  n=89   ours 1.0159  closing 0.9814
  ridge 2.0   2024-25 early n=29   ours 0.8915  closing 0.8657
  ridge 2.0   2024-25 late  n=94   ours 1.0847  closing 1.0557
  ridge 2.0   2025-26 early n=19   ours 1.0218  closing 0.9253
  ridge 2.0   2025-26 late  n=81   ours 1.0674  closing 1.0771
  ridge 2.0   2026-27 early n=18   ours 0.9476  closing 0.9493
  ridge 5.0   2022-23 early n=28   ours 1.0826  closing 1.0814
  ridge 5.0   2022-23 late  n=106  ours 1.0091  closing 0.9804
  ridge 5.0   2023-24 early n=18   ours 0.8181  closing 0.7879
  ridge 5.0   2023-24 late  n=89   ours 1.0135  closing 0.9814
  ridge 5.0   2024-25 early n=29   ours 0.9101  closing 0.8657
  ridge 5.0   2024-25 late  n=94   ours 1.0823  closing 1.0557
  ridge 5.0   2025-26 early n=19   ours 1.0052  closing 0.9253
  ridge 5.0   2025-26 late  n=81   ours 1.0672  closing 1.0771
  ridge 5.0   2026-27 early n=18   ours 0.9636  closing 0.9493
  ridge 10.0  2022-23 early n=28   ours 1.0726  closing 1.0814
  ridge 10.0  2022-23 late  n=106  ours 1.0080  closing 0.9804
  ridge 10.0  2023-24 early n=18   ours 0.8466  closing 0.7879
  ridge 10.0  2023-24 late  n=89   ours 1.0138  closing 0.9814
  ridge 10.0  2024-25 early n=29   ours 0.9326  closing 0.8657
  ridge 10.0  2024-25 late  n=94   ours 1.0813  closing 1.0557
  ridge 10.0  2025-26 early n=19   ours 1.0033  closing 0.9253
  ridge 10.0  2025-26 late  n=81   ours 1.0689  closing 1.0771
  ridge 10.0  2026-27 early n=18   ours 0.9782  closing 0.9493

=== mean log loss by ridge and phase (lower is better) ===
phase   early    late
ridge                
0.0    1.0059  1.0490
0.5    0.9554  1.0478
1.0    0.9510  1.0468
2.0    0.9502  1.0453
5.0    0.9559  1.0430
10.0   0.9667  1.0430

=== EARLY season, per season (the promoted-team problem) ===
season  2022-23  2023-24  2024-25  2025-26  2026-27
ridge                                              
0.0      1.2402   0.7565   0.8734   1.2430   0.9163
0.5      1.1297   0.7687   0.8792   1.0712   0.9280
1.0      1.1134   0.7776   0.8837   1.0436   0.9367
2.0      1.0989   0.7912   0.8915   1.0218   0.9476
5.0      1.0826   0.8181   0.9101   1.0052   0.9636
10.0     1.0726   0.8466   0.9326   1.0033   0.9782
