GW1 deadline is 290.9h away (earliest checkpoint 48.0h)
GW1 deadline is 290.5h away (earliest checkpoint 48.0h)
GW1 deadline is 289.5h away (earliest checkpoint 48.0h)
GW1 deadline is 288.5h away (earliest checkpoint 48.0h)
GW1 deadline is 287.5h away (earliest checkpoint 48.0h)
GW1 deadline is 286.5h away (earliest checkpoint 48.0h)
GW1 deadline is 285.5h away (earliest checkpoint 48.0h)
GW1 deadline is 284.5h away (earliest checkpoint 48.0h)
GW1 deadline is 283.5h away (earliest checkpoint 48.0h)
GW1 deadline is 282.5h away (earliest checkpoint 48.0h)
GW1 deadline is 281.5h away (earliest checkpoint 48.0h)
GW1 deadline is 280.5h away (earliest checkpoint 48.0h)
GW1 deadline is 279.5h away (earliest checkpoint 48.0h)
GW1 deadline is 278.5h away (earliest checkpoint 48.0h)
GW1 deadline is 277.5h away (earliest checkpoint 48.0h)
GW1 deadline is 276.5h away (earliest checkpoint 48.0h)
GW1 deadline is 275.5h away (earliest checkpoint 48.0h)
GW1 deadline is 274.5h away (earliest checkpoint 48.0h)
GW1 deadline is 273.5h away (earliest checkpoint 48.0h)
GW1 deadline is 272.5h away (earliest checkpoint 48.0h)
GW1 deadline is 271.5h away (earliest checkpoint 48.0h)
GW1 deadline is 270.5h away (earliest checkpoint 48.0h)
GW1 deadline is 269.5h away (earliest checkpoint 48.0h)
GW1 deadline is 268.5h away (earliest checkpoint 48.0h)
GW1 deadline is 267.5h away (earliest checkpoint 48.0h)
GW1 deadline is 266.5h away (earliest checkpoint 48.0h)
GW1 deadline is 265.5h away (earliest checkpoint 48.0h)
GW1 deadline is 244.0h away (earliest checkpoint 48.0h)
GW1 deadline is 243.5h away (earliest checkpoint 48.0h)
GW1 deadline is 242.5h away (earliest checkpoint 48.0h)
GW1 deadline is 241.5h away (earliest checkpoint 48.0h)
GW1 deadline is 240.5h away (earliest checkpoint 48.0h)
GW1 deadline is 239.5h away (earliest checkpoint 48.0h)
GW1 deadline is 238.5h away (earliest checkpoint 48.0h)
GW1 deadline is 237.5h away (earliest checkpoint 48.0h)
GW1 deadline is 236.5h away (earliest checkpoint 48.0h)
GW1 deadline is 235.5h away (earliest checkpoint 48.0h)
GW1 deadline is 234.5h away (earliest checkpoint 48.0h)
GW1 deadline is 233.5h away (earliest checkpoint 48.0h)
GW1 deadline is 232.5h away (earliest checkpoint 48.0h)
GW1 deadline is 231.5h away (earliest checkpoint 48.0h)
^CGW1 deadline is 221.5h away (earliest checkpoint 48.0h)
GW1 deadline is 220.5h away (earliest checkpoint 48.0h)
GW1 deadline is 219.5h away (earliest checkpoint 48.0h)
GW1 deadline is 218.5h away (earliest checkpoint 48.0h)
GW1 deadline is 194.6h away (earliest checkpoint 48.0h)
GW1 deadline is 194.5h away (earliest checkpoint 48.0h)
GW1 deadline is 193.5h away (earliest checkpoint 48.0h)
GW1 deadline is 192.5h away (earliest checkpoint 48.0h)
GW1 deadline is 191.5h away (earliest checkpoint 48.0h)
GW1 deadline is 190.5h away (earliest checkpoint 48.0h)
GW1 deadline is 189.5h away (earliest checkpoint 48.0h)
GW1 deadline is 188.5h away (earliest checkpoint 48.0h)
GW1 deadline is 187.5h away (earliest checkpoint 48.0h)
GW1 deadline is 176.3h away (earliest checkpoint 48.0h)
GW1 deadline is 175.5h away (earliest checkpoint 48.0h)
GW1 deadline is 174.5h away (earliest checkpoint 48.0h)
GW1 deadline is 173.5h away (earliest checkpoint 48.0h)
GW1 deadline is 172.5h away (earliest checkpoint 48.0h)
GW1 deadline is 171.5h away (earliest checkpoint 48.0h)
GW1 deadline is 170.5h away (earliest checkpoint 48.0h)
^C^C^CGW2 deadline is 122.8h away (earliest checkpoint 48.0h)
GW2 deadline is 122.5h away (earliest checkpoint 48.0h)
GW2 deadline is 102.5h away (earliest checkpoint 48.0h)
GW2 deadline is 101.5h away (earliest checkpoint 48.0h)
GW2 deadline is 100.5h away (earliest checkpoint 48.0h)
GW2 deadline is 99.5h away (earliest checkpoint 48.0h)
GW2 deadline is 98.5h away (earliest checkpoint 48.0h)
GW2 deadline is 74.5h away (earliest checkpoint 48.0h)
GW2 deadline is 73.5h away (earliest checkpoint 48.0h)
GW2 deadline is 72.5h away (earliest checkpoint 48.0h)
GW2 deadline is 71.5h away (earliest checkpoint 48.0h)
GW2 deadline is 70.5h away (earliest checkpoint 48.0h)
GW2 deadline is 69.5h away (earliest checkpoint 48.0h)
GW2 deadline is 68.5h away (earliest checkpoint 48.0h)
GW2 deadline is 67.5h away (earliest checkpoint 48.0h)
GW2 deadline is 66.5h away (earliest checkpoint 48.0h)
GW2 deadline is 65.5h away (earliest checkpoint 48.0h)
GW2 deadline is 64.5h away (earliest checkpoint 48.0h)
GW2 deadline is 63.5h away (earliest checkpoint 48.0h)
GW2 deadline is 62.5h away (earliest checkpoint 48.0h)
GW2 deadline is 61.5h away (earliest checkpoint 48.0h)
GW2 deadline is 60.5h away (earliest checkpoint 48.0h)
GW2 deadline is 59.5h away (earliest checkpoint 48.0h)
GW2 deadline is 58.5h away (earliest checkpoint 48.0h)
GW2 deadline is 57.5h away (earliest checkpoint 48.0h)
GW2 deadline is 56.5h away (earliest checkpoint 48.0h)
GW2 deadline is 55.5h away (earliest checkpoint 48.0h)
GW2 deadline is 54.5h away (earliest checkpoint 48.0h)
GW2 deadline is 53.5h away (earliest checkpoint 48.0h)
GW2 deadline is 52.5h away (earliest checkpoint 48.0h)
GW2 deadline is 51.5h away (earliest checkpoint 48.0h)
GW2 deadline in 27.5h — capturing for the 48.0h checkpoint
22:00:05 INFO    fpl_expert.data.snapshot | snapshot 20260827T140002Z: GW2, 27.50h to deadline, before_deadline=True
  stamp                  20260827T140002Z
  target_gw              2
  deadline               2026-08-28T17:30:00+00:00
  taken_before_deadline  True
  hours_to_deadline      27.5
  players                614
  fixtures               380
  odds_rows              0
GW2: already hold a snapshot inside the 48.0h checkpoint
GW2: already hold a snapshot inside the 48.0h checkpoint
GW2: already hold a snapshot inside the 48.0h checkpoint
GW2 deadline in 23.5h — capturing for the 24.0h checkpoint
02:00:06 INFO    fpl_expert.data.snapshot | snapshot 20260827T180002Z: GW2, 23.50h to deadline, before_deadline=True
  stamp                  20260827T180002Z
  target_gw              2
  deadline               2026-08-28T17:30:00+00:00
  taken_before_deadline  True
  hours_to_deadline      23.5
  players                616
  fixtures               380
  odds_rows              0
GW2: already hold a snapshot inside the 24.0h checkpoint
GW2: already hold a snapshot inside the 24.0h checkpoint
GW2: already hold a snapshot inside the 24.0h checkpoint
GW2: already hold a snapshot inside the 24.0h checkpoint
GW2: already hold a snapshot inside the 24.0h checkpoint
GW2: already hold a snapshot inside the 24.0h checkpoint
GW2: already hold a snapshot inside the 24.0h checkpoint
GW2: already hold a snapshot inside the 24.0h checkpoint
GW2: already hold a snapshot inside the 24.0h checkpoint
GW2: already hold a snapshot inside the 24.0h checkpoint
GW2: already hold a snapshot inside the 24.0h checkpoint
GW2: already hold a snapshot inside the 24.0h checkpoint
GW2: already hold a snapshot inside the 24.0h checkpoint
GW2: already hold a snapshot inside the 24.0h checkpoint
GW2: already hold a snapshot inside the 24.0h checkpoint
